{"level":"info","message":"Created User Thanga Akilan V","service":"auth-service","timestamp":"2025-05-25T09:20:30.996Z"}
{"level":"info","message":"Created User Thanga Akilan V","service":"auth-service","timestamp":"2025-05-25T09:27:24.311Z"}
{"level":"info","message":"Created User Thanga Akilan V","service":"auth-service","timestamp":"2025-05-25T09:28:41.541Z"}
{"level":"info","message":"Created User ThangaAktilan","service":"auth-service","timestamp":"2025-05-25T14:27:31.679Z"}
{"level":"info","message":"User ThangaAktilan logged in successfully","service":"auth-service","timestamp":"2025-05-25T14:27:31.680Z"}
{"level":"info","message":"Created User Thanga Akilan","service":"auth-service","timestamp":"2025-05-25T15:02:07.787Z"}
{"level":"info","message":"User Thanga Akilan logged in successfully","service":"auth-service","timestamp":"2025-05-25T15:02:07.788Z"}
{"level":"info","message":"Created User Thanga Akilan","service":"auth-service","timestamp":"2025-05-25T16:07:50.441Z"}
{"level":"info","message":"User Thanga Akilan logged in successfully","service":"auth-service","timestamp":"2025-05-25T16:07:50.441Z"}
{"level":"info","message":"Created User Thanga Akilan","service":"auth-service","timestamp":"2025-05-25T16:08:42.443Z"}
{"level":"info","message":"User Thanga Akilan logged in successfully","service":"auth-service","timestamp":"2025-05-25T16:08:42.444Z"}
{"level":"info","message":"Created User Thanga Akilan","service":"auth-service","timestamp":"2025-05-25T18:52:43.843Z"}
{"level":"info","message":"User Thanga Akilan logged in successfully","service":"auth-service","timestamp":"2025-05-25T18:52:43.844Z"}
{"level":"info","message":"Created User Thanga Akilan","service":"auth-service","timestamp":"2025-05-25T19:03:46.199Z"}
{"level":"info","message":"User Thanga Akilan logged in successfully","service":"auth-service","timestamp":"2025-05-25T19:03:46.199Z"}
{"level":"info","message":"Created User Thanga Akilan","service":"auth-service","timestamp":"2025-05-26T03:07:41.824Z"}
{"level":"info","message":"User Thanga Akilan logged in successfully","service":"auth-service","timestamp":"2025-05-26T03:07:41.825Z"}
{"level":"info","message":"Created User Thanga Akilan","service":"auth-service","timestamp":"2025-05-26T04:13:31.206Z"}
{"level":"info","message":"User Thanga Akilan logged in successfully","service":"auth-service","timestamp":"2025-05-26T04:13:31.207Z"}
{"level":"info","message":"Created User Thanga Akilan","service":"auth-service","timestamp":"2025-05-26T06:05:20.915Z"}
{"level":"info","message":"User Thanga Akilan logged in successfully","service":"auth-service","timestamp":"2025-05-26T06:05:20.917Z"}
{"level":"info","message":"Created User Thanga Akilan","service":"auth-service","timestamp":"2025-05-26T08:28:06.473Z"}
{"level":"info","message":"User Thanga Akilan logged in successfully","service":"auth-service","timestamp":"2025-05-26T08:28:06.474Z"}
{"level":"info","message":"Created User Thanga Akilan","service":"auth-service","timestamp":"2025-05-26T08:33:18.545Z"}
{"level":"info","message":"User Thanga Akilan logged in successfully","service":"auth-service","timestamp":"2025-05-26T08:33:18.546Z"}
{"level":"info","message":"Created User Thanga Akilan","service":"auth-service","timestamp":"2025-05-26T08:33:36.322Z"}
{"level":"info","message":"User Thanga Akilan logged in successfully","service":"auth-service","timestamp":"2025-05-26T08:33:36.322Z"}
{"level":"info","message":"Created User Thanga Akilan with status approved","service":"auth-service","timestamp":"2025-05-26T10:43:06.460Z"}
{"level":"info","message":"User Thanga Akilan logged in successfully","service":"auth-service","timestamp":"2025-05-26T10:43:06.461Z"}
{"level":"info","message":"User Thanga Akilan signed in successfully","service":"auth-service","timestamp":"2025-05-26T11:09:43.994Z"}
{"level":"info","message":"Created User thanga Akilan V with status pending","service":"auth-service","timestamp":"2025-05-27T17:49:00.815Z"}
{"level":"info","message":"Created User thanga Akilan V with status pending","service":"auth-service","timestamp":"2025-05-27T18:00:51.542Z"}
{"level":"info","message":"Created User thanga Akilan V with status approved","service":"auth-service","timestamp":"2025-05-27T18:01:05.059Z"}
{"level":"info","message":"User thanga Akilan V signed in successfully","service":"auth-service","timestamp":"2025-05-27T18:01:12.829Z"}
{"level":"info","message":"Created User thanga Akilan V with status approved","service":"auth-service","timestamp":"2025-05-27T19:00:15.263Z"}
{"level":"info","message":"User thanga Akilan V signed in successfully","service":"auth-service","timestamp":"2025-05-27T19:00:22.416Z"}
{"level":"info","message":"Created User thanga Akilan V with status pending","service":"auth-service","timestamp":"2025-05-27T19:00:43.405Z"}
{"level":"info","message":"Created User thanga Akilan V with status approved","service":"auth-service","timestamp":"2025-05-27T19:01:43.875Z"}
{"level":"info","message":"User thanga Akilan V signed in successfully","service":"auth-service","timestamp":"2025-05-27T19:01:48.734Z"}
{"level":"info","message":"Created User thanga Akilan V with status pending","service":"auth-service","timestamp":"2025-05-27T19:09:10.756Z"}
{"level":"info","message":"Created User thanga Akilan V with status pending","service":"auth-service","timestamp":"2025-05-27T19:47:12.999Z"}
{"level":"info","message":"Created User thanga Akilan V with status pending","service":"auth-service","timestamp":"2025-05-27T19:47:17.684Z"}
{"level":"info","message":"Created User thanga Akilan V with status pending","service":"auth-service","timestamp":"2025-05-27T19:47:18.456Z"}
{"level":"info","message":"Created User thanga Akilan V with status approved","service":"auth-service","timestamp":"2025-05-27T19:47:33.795Z"}
{"level":"info","message":"User thanga Akilan V signed in successfully","service":"auth-service","timestamp":"2025-05-28T02:23:41.578Z"}
{"level":"info","message":"Created User thanga Akilan V with status pending","service":"auth-service","timestamp":"2025-05-28T02:30:28.227Z"}
{"level":"info","message":"Created User thanga Akilan V with status pending","service":"auth-service","timestamp":"2025-05-28T02:46:03.726Z"}
{"level":"info","message":"Created User thanga Akilan V with status pending","service":"auth-service","timestamp":"2025-05-28T12:54:31.106Z"}
{"level":"info","message":"Created User thanga Akilan V with status approved","service":"auth-service","timestamp":"2025-05-28T12:54:58.270Z"}
{"level":"info","message":"User thanga Akilan V signed in successfully","service":"auth-service","timestamp":"2025-05-28T12:55:02.486Z"}
{"level":"info","message":"User thanga Akilan V signed in successfully","service":"auth-service","timestamp":"2025-05-28T12:56:46.208Z"}
{"level":"info","message":"Created User thanga Akilan V with status approved","service":"auth-service","timestamp":"2025-05-28T18:30:49.653Z"}
{"level":"info","message":"User thanga Akilan V signed in successfully","service":"auth-service","timestamp":"2025-05-28T18:30:54.295Z"}
{"level":"info","message":"Created User thanga Akilan V with status approved","service":"auth-service","timestamp":"2025-05-29T11:58:35.814Z"}
{"level":"info","message":"User thanga Akilan V signed in successfully","service":"auth-service","timestamp":"2025-05-29T11:58:51.232Z"}
{"level":"info","message":"Created User thanga Akilan V with status approved","service":"auth-service","timestamp":"2025-05-29T16:10:05.820Z"}
{"level":"info","message":"Created User thanga Akilan V with status approved","service":"auth-service","timestamp":"2025-05-29T16:13:23.526Z"}
{"level":"info","message":"User thanga Akilan V signed in successfully","service":"auth-service","timestamp":"2025-05-29T16:13:54.007Z"}
{"level":"info","message":"Created User thanga Akilan V with status approved","service":"auth-service","timestamp":"2025-05-29T18:29:20.182Z"}
{"level":"info","message":"User thanga Akilan V signed in successfully","service":"auth-service","timestamp":"2025-05-29T18:32:27.734Z"}
