{"level":"error","message":"Error Error : Your Account status is pending","service":"connect-service","timestamp":"2025-05-26T04:17:25.121Z"}
{"level":"error","message":"Error Error : Your Account status is pending","service":"connect-service","timestamp":"2025-05-26T06:04:23.127Z"}
{"level":"error","message":"Error Error : User Already Exists","service":"connect-service","timestamp":"2025-05-26T06:04:33.904Z"}
{"level":"error","message":"Error Error : Invalid role .","service":"connect-service","timestamp":"2025-05-26T08:29:03.192Z"}
{"level":"error","message":"Error Error : User Already Exists","service":"connect-service","timestamp":"2025-05-26T08:31:23.985Z"}
{"level":"error","message":"Error TypeError : Cannot read properties of null (reading 'status')","service":"connect-service","timestamp":"2025-05-26T08:31:31.065Z"}
{"level":"error","message":"Error TypeError : Cannot read properties of null (reading 'status')","service":"connect-service","timestamp":"2025-05-26T08:32:23.215Z"}
{"level":"error","message":"Error Error : Invalid role .","service":"connect-service","timestamp":"2025-05-26T10:50:44.419Z"}
{"level":"error","message":"Error Error : User Already Exists","service":"connect-service","timestamp":"2025-05-26T10:50:53.678Z"}
{"level":"error","message":"Error Error : Invalid role .","service":"connect-service","timestamp":"2025-05-26T11:05:13.412Z"}
{"level":"error","message":"Error Error : Invalid role .","service":"connect-service","timestamp":"2025-05-26T11:05:14.860Z"}
{"level":"error","message":"Error Error : Invalid role .","service":"connect-service","timestamp":"2025-05-26T11:05:33.431Z"}
{"level":"error","message":"Error ReferenceError : employeeID is not defined","service":"connect-service","timestamp":"2025-05-26T11:06:21.448Z"}
{"level":"error","message":"Error Error : read ETIMEDOUT","service":"connect-service","timestamp":"2025-05-26T12:35:09.467Z"}
{"level":"error","message":"Error MongoNetworkError : getaddrinfo ENOTFOUND ac-od7mbkm-shard-00-02.wvbmmzh.mongodb.net","service":"connect-service","timestamp":"2025-05-26T12:35:12.586Z"}
{"level":"error","message":"Error TypeError : Cannot convert object to primitive value","service":"connect-service","timestamp":"2025-05-26T12:56:15.075Z"}
{"level":"error","message":"Error Error : User Already Exists","service":"connect-service","timestamp":"2025-05-27T17:49:03.564Z"}
{"level":"error","message":"Error Error : Login Arguments missing","service":"connect-service","timestamp":"2025-05-27T17:49:22.628Z"}
{"level":"error","message":"Error Error : Login Arguments missing","service":"connect-service","timestamp":"2025-05-27T17:49:32.469Z"}
{"level":"error","message":"Error Error : Login Arguments missing","service":"connect-service","timestamp":"2025-05-27T17:49:38.409Z"}
{"level":"error","message":"Error Error : Login Arguments missing","service":"connect-service","timestamp":"2025-05-27T17:49:42.545Z"}
{"level":"error","message":"Error Error : Login Arguments missing","service":"connect-service","timestamp":"2025-05-27T17:59:58.362Z"}
{"level":"error","message":"Error Error : Username not found","service":"connect-service","timestamp":"2025-05-27T18:00:41.594Z"}
{"level":"error","message":"Error Error : User Already Exists","service":"connect-service","timestamp":"2025-05-27T18:01:07.143Z"}
{"level":"error","message":"Error Error : Wallet Verification Failed","service":"connect-service","timestamp":"2025-05-27T18:05:44.402Z"}
{"level":"error","message":"Error Error : Wallet Verification Failed","service":"connect-service","timestamp":"2025-05-27T18:06:33.647Z"}
{"level":"error","message":"Error Error : Wallet Verification Failed","service":"connect-service","timestamp":"2025-05-27T18:06:51.820Z"}
{"level":"error","message":"Error Error : Wallet Verification Failed","service":"connect-service","timestamp":"2025-05-27T18:07:02.652Z"}
{"level":"error","message":"Error Error : Wallet Verification Failed","service":"connect-service","timestamp":"2025-05-27T18:07:03.808Z"}
{"level":"error","message":"Error Error : Wallet Verification Failed","service":"connect-service","timestamp":"2025-05-27T18:09:58.725Z"}
{"level":"error","message":"Error Error : Wallet Verification Failed","service":"connect-service","timestamp":"2025-05-27T18:11:30.108Z"}
{"level":"error","message":"Error Error : Wallet Verification Failed","service":"connect-service","timestamp":"2025-05-27T18:12:00.123Z"}
{"level":"error","message":"Error Error : Wallet Verification Failed","service":"connect-service","timestamp":"2025-05-27T18:12:17.246Z"}
{"level":"error","message":"Error Error : Wallet Verification Failed","service":"connect-service","timestamp":"2025-05-27T18:15:09.315Z"}
{"level":"error","message":"Error Error : User not found.","service":"connect-service","timestamp":"2025-05-27T18:17:16.614Z"}
{"level":"error","message":"Error Error : User not found.","service":"connect-service","timestamp":"2025-05-27T18:17:27.070Z"}
{"level":"error","message":"Error Error : User not found.","service":"connect-service","timestamp":"2025-05-27T18:17:53.859Z"}
{"level":"error","message":"Error Error : Wallet Verification Failed","service":"connect-service","timestamp":"2025-05-27T18:20:10.278Z"}
{"level":"error","message":"Error Error : User not found.","service":"connect-service","timestamp":"2025-05-27T18:21:21.239Z"}
{"level":"error","message":"Error Error : Wallet Verification Failed","service":"connect-service","timestamp":"2025-05-27T18:21:52.610Z"}
{"level":"error","message":"Error Error : User not found.","service":"connect-service","timestamp":"2025-05-27T18:23:04.320Z"}
{"level":"error","message":"Error Error : Wallet Verification Failed","service":"connect-service","timestamp":"2025-05-27T18:23:12.740Z"}
{"level":"error","message":"Error Error : Wallet Verification Failed","service":"connect-service","timestamp":"2025-05-27T18:23:30.289Z"}
{"level":"error","message":"Error Error : Wallet Verification Failed","service":"connect-service","timestamp":"2025-05-27T18:23:54.664Z"}
{"level":"error","message":"Error Error : Wallet Verification Failed","service":"connect-service","timestamp":"2025-05-27T18:24:20.416Z"}
{"level":"error","message":"Error Error : Wallet Verification Failed","service":"connect-service","timestamp":"2025-05-27T18:24:28.888Z"}
{"level":"error","message":"Error Error : Invalid credentials","service":"connect-service","timestamp":"2025-05-27T18:25:09.423Z"}
{"level":"error","message":"Error Error : Invalid credentials","service":"connect-service","timestamp":"2025-05-27T18:27:09.045Z"}
{"level":"error","message":"Error Error : Invalid credentials","service":"connect-service","timestamp":"2025-05-27T18:27:30.413Z"}
{"level":"error","message":"Error Error : Invalid credentials","service":"connect-service","timestamp":"2025-05-27T18:27:48.080Z"}
{"level":"error","message":"Error Error : Invalid credentials","service":"connect-service","timestamp":"2025-05-27T18:27:55.613Z"}
{"level":"error","message":"Error Error : Invalid credentials","service":"connect-service","timestamp":"2025-05-27T18:28:34.337Z"}
{"level":"error","message":"Error Error : Invalid credentials","service":"connect-service","timestamp":"2025-05-27T18:30:27.703Z"}
{"level":"error","message":"Error Error : Invalid credentials","service":"connect-service","timestamp":"2025-05-27T18:30:38.644Z"}
{"level":"error","message":"Error ReferenceError : Cannot access 'email' before initialization","service":"connect-service","timestamp":"2025-05-27T18:30:49.386Z"}
{"level":"error","message":"Error Error : read EHOSTUNREACH","service":"connect-service","timestamp":"2025-05-27T18:34:48.461Z"}
{"level":"error","message":"Error Error : User not found.","service":"connect-service","timestamp":"2025-05-27T18:52:50.121Z"}
{"level":"error","message":"Error Error : User not found.","service":"connect-service","timestamp":"2025-05-27T18:53:08.441Z"}
{"level":"error","message":"Error Error : User not found.","service":"connect-service","timestamp":"2025-05-27T18:56:47.081Z"}
{"level":"error","message":"Error Error : User not found.","service":"connect-service","timestamp":"2025-05-27T18:59:06.351Z"}
{"level":"error","message":"Error Error : User not found.","service":"connect-service","timestamp":"2025-05-27T18:59:14.869Z"}
{"level":"error","message":"Error Error : Your Account status is pending","service":"connect-service","timestamp":"2025-05-27T19:00:49.288Z"}
{"level":"error","message":"Error JsonWebTokenError : jwt must be provided","service":"connect-service","timestamp":"2025-05-27T19:02:38.270Z"}
{"level":"error","message":"Error JsonWebTokenError : jwt must be provided","service":"connect-service","timestamp":"2025-05-27T19:02:44.605Z"}
{"level":"error","message":"Error JsonWebTokenError : jwt must be provided","service":"connect-service","timestamp":"2025-05-27T19:13:01.142Z"}
{"level":"error","message":"Error Error : Wallet Verification Failed","service":"connect-service","timestamp":"2025-05-27T19:13:29.770Z"}
{"level":"error","message":"Error Error : Wallet Verification Failed","service":"connect-service","timestamp":"2025-05-27T19:22:09.791Z"}
{"level":"error","message":"Error Error : Wallet Verification Failed","service":"connect-service","timestamp":"2025-05-27T19:22:35.181Z"}
{"level":"error","message":"Error Error : Wallet Verification Failed","service":"connect-service","timestamp":"2025-05-27T19:27:02.683Z"}
{"level":"error","message":"Error Error : Wallet Verification Failed","service":"connect-service","timestamp":"2025-05-27T19:27:44.644Z"}
{"level":"error","message":"Error Error : Wallet Verification Failed","service":"connect-service","timestamp":"2025-05-27T19:28:29.365Z"}
{"level":"error","message":"Error Error : Wallet Verification Failed","service":"connect-service","timestamp":"2025-05-27T19:29:37.459Z"}
{"level":"error","message":"Error Error : Wallet Verification Failed","service":"connect-service","timestamp":"2025-05-27T19:29:53.693Z"}
{"level":"error","message":"Error Error : Wallet Verification Failed","service":"connect-service","timestamp":"2025-05-27T19:30:19.402Z"}
{"level":"error","message":"Error Error : Wallet Verification Failed","service":"connect-service","timestamp":"2025-05-27T19:31:13.820Z"}
{"level":"error","message":"Error Error : Wallet Verification Failed","service":"connect-service","timestamp":"2025-05-27T19:32:14.374Z"}
{"level":"error","message":"Error Error : Wallet Verification Failed","service":"connect-service","timestamp":"2025-05-27T19:45:43.536Z"}
{"level":"error","message":"Error Error : Wallet Verification Failed","service":"connect-service","timestamp":"2025-05-27T19:46:01.723Z"}
{"level":"error","message":"Error Error : Username not found","service":"connect-service","timestamp":"2025-05-27T19:47:37.943Z"}
{"level":"error","message":"Error Error : Username not found","service":"connect-service","timestamp":"2025-05-28T02:21:08.834Z"}
{"level":"error","message":"Error Error : Username not found","service":"connect-service","timestamp":"2025-05-28T02:21:51.230Z"}
{"level":"error","message":"Error Error : Username not found","service":"connect-service","timestamp":"2025-05-28T02:22:32.986Z"}
{"level":"error","message":"Error Error : Username not found","service":"connect-service","timestamp":"2025-05-28T02:22:34.000Z"}
{"level":"error","message":"Error Error : Username not found","service":"connect-service","timestamp":"2025-05-28T02:22:34.599Z"}
{"level":"error","message":"Error Error : User Already Exists","service":"connect-service","timestamp":"2025-05-28T02:30:29.976Z"}
{"level":"error","message":"Error Error : User Already Exists","service":"connect-service","timestamp":"2025-05-28T02:30:31.963Z"}
{"level":"error","message":"Error Error : User Already Exists","service":"connect-service","timestamp":"2025-05-28T02:31:32.992Z"}
{"level":"error","message":"Error Error : Your Account status is pending","service":"connect-service","timestamp":"2025-05-28T02:31:39.783Z"}
{"level":"error","message":"Error Error : User Already Exists","service":"connect-service","timestamp":"2025-05-28T02:31:54.524Z"}
{"level":"error","message":"Error Error : User Already Exists","service":"connect-service","timestamp":"2025-05-28T02:31:55.850Z"}
{"level":"error","message":"Error Error : User not found in Wallet Database","service":"connect-service","timestamp":"2025-05-28T02:43:40.799Z"}
{"level":"error","message":"Error Error : User not found in Wallet Database","service":"connect-service","timestamp":"2025-05-28T03:00:28.452Z"}
{"level":"error","message":"Error Error : User not found in Wallet Database","service":"connect-service","timestamp":"2025-05-28T03:01:41.335Z"}
{"level":"error","message":"Error Error : You must wait 48 hours after rejection to reapply.","service":"connect-service","timestamp":"2025-05-28T03:02:08.618Z"}
{"level":"error","message":"Error ReferenceError : req is not defined","service":"connect-service","timestamp":"2025-05-28T03:25:08.887Z"}
{"level":"error","message":"Error ReferenceError : req is not defined","service":"connect-service","timestamp":"2025-05-28T03:46:08.881Z"}
{"level":"error","message":"Error ReferenceError : req is not defined","service":"connect-service","timestamp":"2025-05-28T03:46:09.889Z"}
{"level":"error","message":"Error TypeError : Cannot read properties of undefined (reading 'employeeID')","service":"connect-service","timestamp":"2025-05-28T03:46:45.928Z"}
{"level":"error","message":"Error TypeError : Cannot read properties of undefined (reading 'employeeID')","service":"connect-service","timestamp":"2025-05-28T12:53:56.794Z"}
{"level":"error","message":"Error TypeError : Cannot read properties of undefined (reading 'employeeID')","service":"connect-service","timestamp":"2025-05-28T12:54:02.627Z"}
{"level":"error","message":"Error Error : User Already Exists","service":"connect-service","timestamp":"2025-05-28T12:54:50.775Z"}
{"level":"error","message":"Error TypeError : Cannot read properties of undefined (reading 'employeeID')","service":"connect-service","timestamp":"2025-05-28T12:55:36.175Z"}
{"level":"error","message":"Error TypeError : Cannot read properties of undefined (reading 'employeeID')","service":"connect-service","timestamp":"2025-05-28T12:56:00.536Z"}
{"level":"error","message":"Error TypeError : Cannot read properties of undefined (reading 'employeeID')","service":"connect-service","timestamp":"2025-05-28T12:57:02.985Z"}
{"level":"error","message":"Error TypeError : Cannot read properties of undefined (reading 'employeeID')","service":"connect-service","timestamp":"2025-05-28T12:57:45.226Z"}
{"level":"error","message":"Error TypeError : Cannot read properties of undefined (reading 'employeeID')","service":"connect-service","timestamp":"2025-05-28T12:58:09.815Z"}
{"level":"error","message":"Error TypeError : Cannot read properties of undefined (reading 'employeeID')","service":"connect-service","timestamp":"2025-05-28T12:58:33.796Z"}
{"level":"error","message":"Error ReferenceError : employeeID is not defined","service":"connect-service","timestamp":"2025-05-28T18:19:40.927Z"}
{"level":"error","message":"Error ReferenceError : employeeID is not defined","service":"connect-service","timestamp":"2025-05-28T18:19:49.013Z"}
{"level":"error","message":"Error ReferenceError : employeeID is not defined","service":"connect-service","timestamp":"2025-05-28T18:19:49.789Z"}
{"level":"error","message":"Error ReferenceError : employeeID is not defined","service":"connect-service","timestamp":"2025-05-28T18:20:09.161Z"}
{"level":"error","message":"Error ReferenceError : employeeID is not defined","service":"connect-service","timestamp":"2025-05-28T18:21:55.316Z"}
{"level":"error","message":"Error ReferenceError : employeeID is not defined","service":"connect-service","timestamp":"2025-05-28T18:22:14.579Z"}
{"level":"error","message":"Error Error : Profile exists Already","service":"connect-service","timestamp":"2025-05-28T18:22:54.799Z"}
{"level":"error","message":"Error Error : Profile exists Already","service":"connect-service","timestamp":"2025-05-28T18:22:58.283Z"}
{"level":"error","message":"Error Error : Profile exists Already","service":"connect-service","timestamp":"2025-05-28T18:22:58.856Z"}
{"level":"error","message":"Error TypeError : Converting circular structure to JSON\n    --> starting at object with constructor 'MongoClient'\n    |     property 's' -> object with constructor 'Object'\n    |     property 'sessionPool' -> object with constructor 'ServerSessionPool'\n    --- property 'client' closes the circle","service":"connect-service","timestamp":"2025-05-28T18:23:25.173Z"}
{"level":"error","message":"Error TypeError : Converting circular structure to JSON\n    --> starting at object with constructor 'MongoClient'\n    |     property 's' -> object with constructor 'Object'\n    |     property 'sessionPool' -> object with constructor 'ServerSessionPool'\n    --- property 'client' closes the circle","service":"connect-service","timestamp":"2025-05-28T18:26:21.698Z"}
{"level":"error","message":"Error TypeError : Converting circular structure to JSON\n    --> starting at object with constructor 'MongoClient'\n    |     property 's' -> object with constructor 'Object'\n    |     property 'sessionPool' -> object with constructor 'ServerSessionPool'\n    --- property 'client' closes the circle","service":"connect-service","timestamp":"2025-05-28T18:26:54.173Z"}
{"level":"error","message":"Error Error : Profile exists Already","service":"connect-service","timestamp":"2025-05-28T18:27:34.822Z"}
{"level":"error","message":"Error Error : Profile exists Already","service":"connect-service","timestamp":"2025-05-28T18:27:36.123Z"}
{"level":"error","message":"Error Error : Profile exists Already","service":"connect-service","timestamp":"2025-05-28T18:28:49.585Z"}
{"level":"error","message":"Error Error : Profile exists Already","service":"connect-service","timestamp":"2025-05-28T18:28:51.593Z"}
{"level":"error","message":"Error Error : Profile exists Already","service":"connect-service","timestamp":"2025-05-28T18:29:21.273Z"}
{"level":"error","message":"Error Error : Profile exists Already","service":"connect-service","timestamp":"2025-05-28T18:30:17.123Z"}
{"level":"error","message":"Error Error : Credentials missing for Post","service":"connect-service","timestamp":"2025-05-29T03:10:22.465Z"}
{"level":"error","message":"Error TypeError : Cannot destructure property 'title' of 'data' as it is undefined.","service":"connect-service","timestamp":"2025-05-29T03:12:47.088Z"}
{"level":"error","message":"Error JsonWebTokenError : jwt must be provided","service":"connect-service","timestamp":"2025-05-29T03:12:51.782Z"}
{"level":"error","message":"Error TypeError : Cannot destructure property 'title' of 'data' as it is undefined.","service":"connect-service","timestamp":"2025-05-29T03:12:55.815Z"}
{"level":"error","message":"Error TypeError : Converting circular structure to JSON\n    --> starting at object with constructor 'MongoClient'\n    |     property 's' -> object with constructor 'Object'\n    |     property 'sessionPool' -> object with constructor 'ServerSessionPool'\n    --- property 'client' closes the circle","service":"connect-service","timestamp":"2025-05-29T03:59:00.704Z"}
{"level":"error","message":"Error ReferenceError : employeeID is not defined","service":"connect-service","timestamp":"2025-05-29T03:59:12.138Z"}
{"level":"error","message":"Error TypeError : Converting circular structure to JSON\n    --> starting at object with constructor 'MongoClient'\n    |     property 's' -> object with constructor 'Object'\n    |     property 'sessionPool' -> object with constructor 'ServerSessionPool'\n    --- property 'client' closes the circle","service":"connect-service","timestamp":"2025-05-29T03:59:21.162Z"}
{"level":"error","message":"Error TypeError : Converting circular structure to JSON\n    --> starting at object with constructor 'MongoClient'\n    |     property 's' -> object with constructor 'Object'\n    |     property 'sessionPool' -> object with constructor 'ServerSessionPool'\n    --- property 'client' closes the circle","service":"connect-service","timestamp":"2025-05-29T04:06:06.111Z"}
{"level":"error","message":"Error TypeError : Converting circular structure to JSON\n    --> starting at object with constructor 'MongoClient'\n    |     property 's' -> object with constructor 'Object'\n    |     property 'sessionPool' -> object with constructor 'ServerSessionPool'\n    --- property 'client' closes the circle","service":"connect-service","timestamp":"2025-05-29T04:07:10.242Z"}
{"level":"error","message":"Error TypeError : Converting circular structure to JSON\n    --> starting at object with constructor 'MongoClient'\n    |     property 's' -> object with constructor 'Object'\n    |     property 'sessionPool' -> object with constructor 'ServerSessionPool'\n    --- property 'client' closes the circle","service":"connect-service","timestamp":"2025-05-29T04:07:11.073Z"}
{"level":"error","message":"Error TypeError : Converting circular structure to JSON\n    --> starting at object with constructor 'MongoClient'\n    |     property 's' -> object with constructor 'Object'\n    |     property 'sessionPool' -> object with constructor 'ServerSessionPool'\n    --- property 'client' closes the circle","service":"connect-service","timestamp":"2025-05-29T04:15:09.761Z"}
{"level":"error","message":"Error TypeError : Converting circular structure to JSON\n    --> starting at object with constructor 'MongoClient'\n    |     property 's' -> object with constructor 'Object'\n    |     property 'sessionPool' -> object with constructor 'ServerSessionPool'\n    --- property 'client' closes the circle","service":"connect-service","timestamp":"2025-05-29T04:15:48.144Z"}
{"level":"error","message":"Error TypeError : Converting circular structure to JSON\n    --> starting at object with constructor 'MongoClient'\n    |     property 's' -> object with constructor 'Object'\n    |     property 'sessionPool' -> object with constructor 'ServerSessionPool'\n    --- property 'client' closes the circle","service":"connect-service","timestamp":"2025-05-29T04:16:40.866Z"}
{"level":"error","message":"Error TypeError : Converting circular structure to JSON\n    --> starting at object with constructor 'MongoClient'\n    |     property 's' -> object with constructor 'Object'\n    |     property 'sessionPool' -> object with constructor 'ServerSessionPool'\n    --- property 'client' closes the circle","service":"connect-service","timestamp":"2025-05-29T04:17:32.536Z"}
{"level":"error","message":"Error TypeError : Converting circular structure to JSON\n    --> starting at object with constructor 'MongoClient'\n    |     property 's' -> object with constructor 'Object'\n    |     property 'sessionPool' -> object with constructor 'ServerSessionPool'\n    --- property 'client' closes the circle","service":"connect-service","timestamp":"2025-05-29T04:18:31.815Z"}
{"level":"error","message":"Error TypeError : Converting circular structure to JSON\n    --> starting at object with constructor 'MongoClient'\n    |     property 's' -> object with constructor 'Object'\n    |     property 'sessionPool' -> object with constructor 'ServerSessionPool'\n    --- property 'client' closes the circle","service":"connect-service","timestamp":"2025-05-29T04:22:03.089Z"}
{"level":"error","message":"Error TypeError : Converting circular structure to JSON\n    --> starting at object with constructor 'MongoClient'\n    |     property 's' -> object with constructor 'Object'\n    |     property 'sessionPool' -> object with constructor 'ServerSessionPool'\n    --- property 'client' closes the circle","service":"connect-service","timestamp":"2025-05-29T04:22:18.704Z"}
{"level":"error","message":"Error TypeError : Converting circular structure to JSON\n    --> starting at object with constructor 'MongoClient'\n    |     property 's' -> object with constructor 'Object'\n    |     property 'sessionPool' -> object with constructor 'ServerSessionPool'\n    --- property 'client' closes the circle","service":"connect-service","timestamp":"2025-05-29T04:27:22.162Z"}
{"level":"error","message":"Error TypeError : Converting circular structure to JSON\n    --> starting at object with constructor 'MongoClient'\n    |     property 's' -> object with constructor 'Object'\n    |     property 'sessionPool' -> object with constructor 'ServerSessionPool'\n    --- property 'client' closes the circle","service":"connect-service","timestamp":"2025-05-29T04:27:55.650Z"}
{"level":"error","message":"Error TypeError : Converting circular structure to JSON\n    --> starting at object with constructor 'MongoClient'\n    |     property 's' -> object with constructor 'Object'\n    |     property 'sessionPool' -> object with constructor 'ServerSessionPool'\n    --- property 'client' closes the circle","service":"connect-service","timestamp":"2025-05-29T04:28:33.894Z"}
{"level":"error","message":"Error ReferenceError : getAllPostsOfEmployee is not defined","service":"connect-service","timestamp":"2025-05-29T04:33:36.663Z"}
{"level":"error","message":"Error TypeError : Converting circular structure to JSON\n    --> starting at object with constructor 'MongoClient'\n    |     property 's' -> object with constructor 'Object'\n    |     property 'sessionPool' -> object with constructor 'ServerSessionPool'\n    --- property 'client' closes the circle","service":"connect-service","timestamp":"2025-05-29T10:13:58.114Z"}
{"level":"error","message":"Error TypeError : database.collection(...).findOne(...).toArray is not a function","service":"connect-service","timestamp":"2025-05-29T10:55:52.481Z"}
{"level":"error","message":"Error ReferenceError : ObjectID is not defined","service":"connect-service","timestamp":"2025-05-29T11:08:53.503Z"}
{"level":"error","message":"Error TypeError : Class constructor ObjectId cannot be invoked without 'new'","service":"connect-service","timestamp":"2025-05-29T11:10:58.605Z"}
{"level":"error","message":"Error TypeError : Class constructor ObjectId cannot be invoked without 'new'","service":"connect-service","timestamp":"2025-05-29T11:10:59.028Z"}
{"level":"error","message":"Error TypeError : Class constructor ObjectId cannot be invoked without 'new'","service":"connect-service","timestamp":"2025-05-29T11:26:46.379Z"}
{"level":"error","message":"Error TypeError : Cannot destructure property 'employeeID' of '(intermediate value)' as it is null.","service":"connect-service","timestamp":"2025-05-29T11:49:14.383Z"}
{"level":"error","message":"Error ReferenceError : employeeID is not defined","service":"connect-service","timestamp":"2025-05-29T11:49:41.146Z"}
{"level":"error","message":"Error ReferenceError : employeeID is not defined","service":"connect-service","timestamp":"2025-05-29T11:50:13.720Z"}
{"level":"error","message":"Error ReferenceError : employeeID is not defined","service":"connect-service","timestamp":"2025-05-29T11:50:37.339Z"}
{"level":"error","message":"Error ReferenceError : user is not defined","service":"connect-service","timestamp":"2025-05-29T11:50:57.167Z"}
{"level":"error","message":"Error ReferenceError : employeeID is not defined","service":"connect-service","timestamp":"2025-05-29T12:05:20.516Z"}
{"level":"error","message":"Error ReferenceError : employeeID is not defined","service":"connect-service","timestamp":"2025-05-29T12:05:21.419Z"}
{"level":"error","message":"Error ReferenceError : employeeID is not defined","service":"connect-service","timestamp":"2025-05-29T12:05:35.506Z"}
{"level":"error","message":"Error Error : Username not found","service":"connect-service","timestamp":"2025-05-29T16:10:58.713Z"}
{"level":"error","message":"Error TypeError : Post.find(...).toArray is not a function","service":"connect-service","timestamp":"2025-05-29T16:28:24.008Z"}
{"level":"error","message":"Error TypeError : Post.find(...).toArray is not a function","service":"connect-service","timestamp":"2025-05-29T16:31:52.553Z"}
{"level":"error","message":"Error Error : User Already Exists","service":"connect-service","timestamp":"2025-05-29T18:29:00.777Z"}
{"level":"error","message":"Error Error : User not found for the Employee ID","service":"connect-service","timestamp":"2025-05-29T18:29:25.700Z"}
{"level":"error","message":"Error Error : User not found for the Employee ID","service":"connect-service","timestamp":"2025-05-29T18:29:31.127Z"}
{"level":"error","message":"Error Error : User not found for the Employee ID","service":"connect-service","timestamp":"2025-05-29T18:31:35.518Z"}
{"level":"error","message":"Error Error : User not found for the Employee ID","service":"connect-service","timestamp":"2025-05-29T18:31:47.158Z"}
{"level":"error","message":"Error Error : User not found for the Employee ID","service":"connect-service","timestamp":"2025-05-29T18:32:03.005Z"}
{"level":"error","message":"Error ReferenceError : employeeID is not defined","service":"connect-service","timestamp":"2025-05-29T18:39:08.463Z"}
{"level":"error","message":"Error ReferenceError : employeeID is not defined","service":"connect-service","timestamp":"2025-05-29T18:39:25.284Z"}
{"level":"error","message":"Error CastError : Cast to Number failed for value \"new ObjectId('683887a3dd6009b16de05dc1')\" (type ObjectId) at path \"employeeID\" for model \"Post\"","service":"connect-service","timestamp":"2025-05-29T18:40:19.272Z"}
{"level":"error","message":"Error CastError : Cast to Number failed for value \"new ObjectId('683887a3dd6009b16de05dc1')\" (type ObjectId) at path \"employeeID\" for model \"Post\"","service":"connect-service","timestamp":"2025-05-29T18:49:16.922Z"}
{"level":"error","message":"Error CastError : Cast to Number failed for value \"new ObjectId('683887a3dd6009b16de05dc1')\" (type ObjectId) at path \"employeeID\" for model \"Post\"","service":"connect-service","timestamp":"2025-05-29T18:50:17.628Z"}
{"level":"error","message":"Error ReferenceError : employeeID is not defined","service":"connect-service","timestamp":"2025-05-29T18:56:29.726Z"}
{"level":"error","message":"Error ReferenceError : employeeID is not defined","service":"connect-service","timestamp":"2025-05-29T18:56:31.119Z"}
{"level":"error","message":"Error ReferenceError : ObjectId is not defined","service":"connect-service","timestamp":"2025-05-29T19:00:17.518Z"}
{"level":"error","message":"Error CastError : Cast to ObjectId failed for value \"683887\" (type number) at path \"_id\" for model \"Post\"","service":"connect-service","timestamp":"2025-05-29T19:00:51.123Z"}
{"level":"error","message":"Error ReferenceError : mongoose is not defined","service":"connect-service","timestamp":"2025-05-29T19:02:07.431Z"}
{"level":"error","message":"Error TypeError : Cannot read properties of undefined (reading 'ObjectId')","service":"connect-service","timestamp":"2025-05-29T19:02:21.794Z"}
{"level":"error","message":"Error ReferenceError : posts is not defined","service":"connect-service","timestamp":"2025-05-29T19:05:52.785Z"}
{"level":"error","message":"Error TypeError : Cannot read properties of undefined (reading 'acknowledged')","service":"connect-service","timestamp":"2025-05-29T19:25:08.672Z"}
{"level":"error","message":"Error TypeError : Post.remove is not a function","service":"connect-service","timestamp":"2025-05-29T19:27:57.709Z"}
{"level":"error","message":"Error TypeError : Post.remove is not a function","service":"connect-service","timestamp":"2025-05-29T19:29:33.923Z"}
{"level":"error","message":"Error TypeError : Post.remove is not a function","service":"connect-service","timestamp":"2025-05-29T19:29:35.493Z"}
{"level":"error","message":"Error TypeError : Cannot read properties of null (reading 'acknowledged')","service":"connect-service","timestamp":"2025-05-29T19:31:53.230Z"}
{"level":"error","message":"Error TypeError : Cannot read properties of null (reading 'acknowledged')","service":"connect-service","timestamp":"2025-05-29T19:31:54.682Z"}
{"level":"error","message":"Error ReferenceError : likePostService is not defined","service":"connect-service","timestamp":"2025-05-29T19:50:49.941Z"}
{"level":"error","message":"Error JsonWebTokenError : jwt must be provided","service":"connect-service","timestamp":"2025-05-29T19:54:46.009Z"}
{"level":"error","message":"Error JsonWebTokenError : jwt must be provided","service":"connect-service","timestamp":"2025-05-29T20:14:58.986Z"}
{"level":"error","message":"Error ReferenceError : commentPostService is not defined","service":"connect-service","timestamp":"2025-05-29T20:15:23.890Z"}
{"level":"error","message":"Error RangeError : Maximum call stack size exceeded","service":"connect-service","timestamp":"2025-05-29T20:15:43.643Z"}
{"level":"error","message":"Error ReferenceError : commentPost is not defined","service":"connect-service","timestamp":"2025-05-29T20:18:09.993Z"}
{"level":"error","message":"Error JsonWebTokenError : jwt must be provided","service":"connect-service","timestamp":"2025-05-29T20:38:27.940Z"}
{"level":"error","message":"Error JsonWebTokenError : jwt must be provided","service":"connect-service","timestamp":"2025-05-29T20:38:31.674Z"}
{"level":"error","message":"Error Error : read ETIMEDOUT","service":"connect-service","timestamp":"2025-05-30T03:52:45.979Z"}
{"level":"error","message":"Error TypeError : Cannot destructure property 'username' of 'data' as it is undefined.","service":"connect-service","timestamp":"2025-06-01T06:32:27.138Z"}
{"level":"error","message":"Error JsonWebTokenError : jwt must be provided","service":"connect-service","timestamp":"2025-06-01T07:45:58.040Z"}
{"level":"error","message":"Error JsonWebTokenError : jwt must be provided","service":"connect-service","timestamp":"2025-06-01T07:46:00.018Z"}
{"level":"error","message":"Error JsonWebTokenError : jwt must be provided","service":"connect-service","timestamp":"2025-06-01T07:46:01.377Z"}
{"level":"error","message":"Error JsonWebTokenError : jwt must be provided","service":"connect-service","timestamp":"2025-06-01T07:46:02.094Z"}
{"level":"error","message":"Error ReferenceError : employeeID is not defined","service":"connect-service","timestamp":"2025-06-01T15:25:40.895Z"}
{"level":"error","message":"Error Error : redentials missing for Signup","service":"connect-service","timestamp":"2025-06-01T15:25:56.252Z"}
{"level":"error","message":"Error Error : User Already Exists","service":"connect-service","timestamp":"2025-06-01T15:26:05.840Z"}
{"level":"error","message":"Error Error : User Already Exists","service":"connect-service","timestamp":"2025-06-01T15:26:20.635Z"}
{"level":"error","message":"Error ReferenceError : employeeID is not defined","service":"connect-service","timestamp":"2025-06-01T15:26:39.720Z"}
{"level":"error","message":"Error ReferenceError : employeeID is not defined","service":"connect-service","timestamp":"2025-06-01T15:29:12.727Z"}
{"level":"error","message":"Error Error : User Already Exists","service":"connect-service","timestamp":"2025-06-01T15:29:55.029Z"}
{"level":"error","message":"Error Error : User Already Exists","service":"connect-service","timestamp":"2025-06-01T15:30:05.113Z"}
{"level":"error","message":"Error ReferenceError : employeeID is not defined","service":"connect-service","timestamp":"2025-06-01T15:30:09.200Z"}
{"level":"error","message":"Error Error : User Already Exists","service":"connect-service","timestamp":"2025-06-01T15:30:34.328Z"}
{"level":"error","message":"Error Error : User Already Exists","service":"connect-service","timestamp":"2025-06-01T15:35:27.897Z"}
{"level":"error","message":"Error Error : User Already Exists","service":"connect-service","timestamp":"2025-06-01T15:36:16.628Z"}
{"level":"error","message":"Error Error : User Already Exists","service":"connect-service","timestamp":"2025-06-01T15:36:25.348Z"}
{"level":"error","message":"Error ReferenceError : employeeID is not defined","service":"connect-service","timestamp":"2025-06-01T15:36:30.085Z"}
{"level":"error","message":"Error Error : User Already Exists","service":"connect-service","timestamp":"2025-06-01T15:37:42.863Z"}
{"level":"error","message":"Error Error : Invalid role .","service":"connect-service","timestamp":"2025-06-01T15:38:42.141Z"}
{"level":"error","message":"Error Error : Incorrect Password","service":"connect-service","timestamp":"2025-06-01T15:38:51.673Z"}
{"level":"error","message":"Error Error : User not found for the Employee ID","service":"connect-service","timestamp":"2025-06-01T15:38:58.954Z"}
{"level":"error","message":"Error Error : User not found for the Employee ID","service":"connect-service","timestamp":"2025-06-01T15:39:09.446Z"}
{"level":"error","message":"Error Error : Incorrect Password","service":"connect-service","timestamp":"2025-06-01T15:39:15.567Z"}
{"level":"error","message":"Error Error : Invalid role .","service":"connect-service","timestamp":"2025-06-01T15:39:22.474Z"}
{"level":"error","message":"Error JsonWebTokenError : jwt must be provided","service":"connect-service","timestamp":"2025-06-01T15:39:45.683Z"}
{"level":"error","message":"Error JsonWebTokenError : jwt must be provided","service":"connect-service","timestamp":"2025-06-01T15:40:31.936Z"}
{"level":"error","message":"Error JsonWebTokenError : jwt must be provided","service":"connect-service","timestamp":"2025-06-01T15:40:36.106Z"}
{"level":"error","message":"Error JsonWebTokenError : jwt must be provided","service":"connect-service","timestamp":"2025-06-01T15:40:36.755Z"}
{"level":"error","message":"Error JsonWebTokenError : jwt must be provided","service":"connect-service","timestamp":"2025-06-01T15:40:43.110Z"}
{"level":"error","message":"Error JsonWebTokenError : jwt must be provided","service":"connect-service","timestamp":"2025-06-01T15:41:16.168Z"}
{"level":"error","message":"Error Error : User Already Exists","service":"connect-service","timestamp":"2025-06-01T16:06:41.920Z"}
{"level":"error","message":"Error CastError : Cast to Number failed for value \"NaN\" (type number) at path \"employeeID\" for model \"User\"","service":"connect-service","timestamp":"2025-06-01T16:29:10.784Z"}
{"level":"error","message":"Error CastError : Cast to Number failed for value \"NaN\" (type number) at path \"employeeID\" for model \"User\"","service":"connect-service","timestamp":"2025-06-01T16:29:11.835Z"}
{"level":"error","message":"Error Error : User Already Exists","service":"connect-service","timestamp":"2025-06-01T16:31:13.877Z"}
{"level":"error","message":"Error Error : User Already Exists","service":"connect-service","timestamp":"2025-06-01T16:31:24.628Z"}
{"level":"error","message":"Error Error : User Already Exists","service":"connect-service","timestamp":"2025-06-01T16:31:30.495Z"}
{"level":"error","message":"Error JsonWebTokenError : jwt must be provided","service":"connect-service","timestamp":"2025-06-01T16:32:35.334Z"}
{"level":"error","message":"Error JsonWebTokenError : jwt must be provided","service":"connect-service","timestamp":"2025-06-01T16:33:49.038Z"}
{"level":"error","message":"Error JsonWebTokenError : jwt must be provided","service":"connect-service","timestamp":"2025-06-01T16:36:33.543Z"}
{"level":"error","message":"Error Error : Incorrect Password","service":"connect-service","timestamp":"2025-06-01T16:36:57.168Z"}
{"level":"error","message":"Error JsonWebTokenError : jwt must be provided","service":"connect-service","timestamp":"2025-06-01T16:37:45.404Z"}
{"level":"error","message":"Error Error : User Already Exists","service":"connect-service","timestamp":"2025-06-01T17:56:54.309Z"}
{"level":"error","message":"Error Error : User Already Exists","service":"connect-service","timestamp":"2025-06-01T17:59:17.230Z"}
{"level":"error","message":"Error Error : User Already Exists","service":"connect-service","timestamp":"2025-06-01T17:59:18.033Z"}
{"level":"error","message":"Error Error : Incorrect Password","service":"connect-service","timestamp":"2025-06-01T17:59:40.529Z"}
{"level":"error","message":"Error Error : Incorrect Password","service":"connect-service","timestamp":"2025-06-01T17:59:42.128Z"}
{"level":"error","message":"Error JsonWebTokenError : jwt must be provided","service":"connect-service","timestamp":"2025-06-01T18:00:21.781Z"}
{"level":"error","message":"Error JsonWebTokenError : jwt must be provided","service":"connect-service","timestamp":"2025-06-01T18:00:30.959Z"}
{"level":"error","message":"Error JsonWebTokenError : jwt must be provided","service":"connect-service","timestamp":"2025-06-01T18:00:33.158Z"}
{"level":"error","message":"Error JsonWebTokenError : jwt must be provided","service":"connect-service","timestamp":"2025-06-01T18:04:41.978Z"}
{"level":"error","message":"Error JsonWebTokenError : jwt must be provided","service":"connect-service","timestamp":"2025-06-01T18:04:43.625Z"}
{"level":"error","message":"Error Error : User Already Exists","service":"connect-service","timestamp":"2025-06-02T08:20:13.384Z"}
{"level":"error","message":"Error Error : User Already Exists","service":"connect-service","timestamp":"2025-06-02T08:20:15.362Z"}
{"level":"error","message":"Error Error : User Already Exists","service":"connect-service","timestamp":"2025-06-02T13:00:35.852Z"}
{"level":"error","message":"Error Error : Your Account status is pending","service":"connect-service","timestamp":"2025-06-02T13:01:28.215Z"}
{"level":"error","message":"Error Error : User not found in Wallet Database","service":"connect-service","timestamp":"2025-06-02T13:02:08.295Z"}
